components/Chart.tsx(199,25): error TS2552: Cannot find name 'getProgramEndDate'. Did you mean 'getProgramEndDateStr'?
components/common/Typography.tsx(47,38): error TS2503: Cannot find namespace 'JSX'.
components/common/Typography.tsx(52,10): error TS2604: JSX element type 'Tag' does not have any construct or call signatures.
components/liveSession/sessionGuideUtils.ts(99,40): error TS2339: Property 'totalSeconds' does not exist on type 'SessionResult'.
components/liveSession/sessionGuideUtils.ts(100,30): error TS2339: Property 'completedIntervals' does not exist on type 'SessionResult'.
components/liveSession/sessionGuideUtils.ts(101,29): error TS2339: Property 'avgPower' does not exist on type 'SessionResult'.
components/liveSession/sessionGuideUtils.ts(116,16): error TS2339: Property 'totalDuration' does not exist on type 'SessionSetupParams'.
components/liveSession/sessionGuideUtils.ts(117,16): error TS2339: Property 'basePower' does not exist on type 'SessionSetupParams'.
components/liveSessionUtils.test.ts(20,99): error TS2322: Type '{ totalDurationMinutes: number; workDurationSeconds: number; restDurationSeconds: number; targetPower: number; targetRPE: number; sessionStyle: SessionStyle; workRestRatio?: string; blocks?: SessionBlock[]; }' is not assignable to type 'SessionSetupParams'.
  Property 'workRestRatio' is optional in type '{ totalDurationMinutes: number; workDurationSeconds: number; restDurationSeconds: number; targetPower: number; targetRPE: number; sessionStyle: SessionStyle; workRestRatio?: string; blocks?: SessionBlock[]; }' but required in type 'SessionSetupParams'.
components/liveSessionUtils.test.ts(45,9): error TS2741: Property 'phase' is missing in type '{ timeSeconds: number; power: number; }' but required in type '{ timeSeconds: number; power: number; phase: "work" | "rest"; }'.
components/liveSessionUtils.test.ts(46,9): error TS2741: Property 'phase' is missing in type '{ timeSeconds: number; power: number; }' but required in type '{ timeSeconds: number; power: number; phase: "work" | "rest"; }'.
components/liveSessionUtils.test.ts(47,9): error TS2741: Property 'phase' is missing in type '{ timeSeconds: number; power: number; }' but required in type '{ timeSeconds: number; power: number; phase: "work" | "rest"; }'.
components/liveSessionUtils.test.ts(179,17): error TS2741: Property 'phase' is missing in type '{ timeSeconds: number; power: number; }' but required in type '{ timeSeconds: number; power: number; phase: "work" | "rest"; }'.
components/liveSessionUtils.test.ts(180,17): error TS2741: Property 'phase' is missing in type '{ timeSeconds: number; power: number; }' but required in type '{ timeSeconds: number; power: number; phase: "work" | "rest"; }'.
components/liveSessionUtils.test.ts(181,17): error TS2741: Property 'phase' is missing in type '{ timeSeconds: number; power: number; }' but required in type '{ timeSeconds: number; power: number; phase: "work" | "rest"; }'.
components/modals/ReadinessQuestionnaireModal.tsx(50,17): error TS2322: Type 'unknown' is not assignable to type 'number'.
components/ProgramEditorSteps/BlocksDefinitionStep/constants.ts(5,65): error TS2307: Cannot find module '../../programTemplate' or its corresponding type declarations.
components/ProgramEditorSteps/BlocksDefinitionStep/constants.ts(6,30): error TS2307: Cannot find module '../../types' or its corresponding type declarations.
hooks/sessionTimerUtils.test.ts(31,99): error TS2322: Type '{ totalDurationMinutes: number; workDurationSeconds: number; restDurationSeconds: number; targetPower: number; targetRPE: number; sessionStyle: SessionStyle; workRestRatio?: string; blocks?: SessionBlock[]; }' is not assignable to type 'SessionSetupParams'.
  Property 'workRestRatio' is optional in type '{ totalDurationMinutes: number; workDurationSeconds: number; restDurationSeconds: number; targetPower: number; targetRPE: number; sessionStyle: SessionStyle; workRestRatio?: string; blocks?: SessionBlock[]; }' but required in type 'SessionSetupParams'.
hooks/useSessionTimer/sessionTimer.test.ts(17,41): error TS2307: Cannot find module '../types' or its corresponding type declarations.
services/hapticService.ts(8,56): error TS2307: Cannot find module '@capacitor/haptics' or its corresponding type declarations.
utils/accessibility.ts(164,30): error TS2503: Cannot find namespace 'React'.
utils/blockCalculations.test.ts(82,42): error TS2741: Property 'durationExpression' is missing in type '{ type: "interval"; powerExpression: number; cycles: number; workDurationSeconds: number; restDurationSeconds: number; }' but required in type 'TemplateBlock'.
utils/chartDataGeneration.test.ts(65,5): error TS2322: Type '{ id: string; date: string; duration: number; power: number; workPower?: number; restPower?: number; distance?: number; rpe: number; notes?: string; workRestRatio?: string; weekNum?: number; programId?: string; }' is not assignable to type 'Session'.
  Property 'distance' is optional in type '{ id: string; date: string; duration: number; power: number; workPower?: number; restPower?: number; distance?: number; rpe: number; notes?: string; workRestRatio?: string; weekNum?: number; programId?: string; }' but required in type 'Session'.
utils/exportUtils.test.ts(57,24): error TS2322: Type 'number' is not assignable to type 'ThemeModifiers'.
utils/fatigueModifiers.test.ts(138,38): error TS2345: Argument of type '{ logic: "and"; fatigue: string; }' is not assignable to parameter of type 'FatigueCondition'.
  Type '{ logic: "and"; fatigue: string; }' is not assignable to type 'FlexibleCondition'.
    Types of property 'fatigue' are incompatible.
      Type 'string' is not assignable to type '`>${number}` | `<${number}` | `>=${number}` | `<=${number}`'.
utils/fatigueModifiers.test.ts(139,38): error TS2345: Argument of type '{ logic: "and"; fatigue: string; }' is not assignable to parameter of type 'FatigueCondition'.
  Type '{ logic: "and"; fatigue: string; }' is not assignable to type 'FlexibleCondition'.
    Types of property 'fatigue' are incompatible.
      Type 'string' is not assignable to type '`>${number}` | `<${number}` | `>=${number}` | `<=${number}`'.
utils/fatigueModifiers.test.ts(144,38): error TS2345: Argument of type '{ logic: "and"; readiness: string; }' is not assignable to parameter of type 'FatigueCondition'.
  Type '{ logic: "and"; readiness: string; }' is not assignable to type 'FlexibleCondition'.
    Types of property 'readiness' are incompatible.
      Type 'string' is not assignable to type '`>${number}` | `<${number}` | `>=${number}` | `<=${number}`'.
utils/fatigueModifiers.test.ts(145,38): error TS2345: Argument of type '{ logic: "and"; readiness: string; }' is not assignable to parameter of type 'FatigueCondition'.
  Type '{ logic: "and"; readiness: string; }' is not assignable to type 'FlexibleCondition'.
    Types of property 'readiness' are incompatible.
      Type 'string' is not assignable to type '`>${number}` | `<${number}` | `>=${number}` | `<=${number}`'.
utils/fatigueModifiers.test.ts(151,38): error TS2345: Argument of type '{ logic: "or"; fatigue: string; readiness: string; }' is not assignable to parameter of type 'FatigueCondition'.
  Type '{ logic: "or"; fatigue: string; readiness: string; }' is not assignable to type 'FlexibleCondition'.
    Types of property 'fatigue' are incompatible.
      Type 'string' is not assignable to type '`>${number}` | `<${number}` | `>=${number}` | `<=${number}`'.
utils/fatigueModifiers.test.ts(152,38): error TS2345: Argument of type '{ logic: "or"; fatigue: string; readiness: string; }' is not assignable to parameter of type 'FatigueCondition'.
  Type '{ logic: "or"; fatigue: string; readiness: string; }' is not assignable to type 'FlexibleCondition'.
    Types of property 'fatigue' are incompatible.
      Type 'string' is not assignable to type '`>${number}` | `<${number}` | `>=${number}` | `<=${number}`'.
utils/fatigueModifiers.test.ts(154,38): error TS2345: Argument of type '{ logic: "or"; fatigue: string; readiness: string; }' is not assignable to parameter of type 'FatigueCondition'.
  Type '{ logic: "or"; fatigue: string; readiness: string; }' is not assignable to type 'FlexibleCondition'.
    Types of property 'fatigue' are incompatible.
      Type 'string' is not assignable to type '`>${number}` | `<${number}` | `>=${number}` | `<=${number}`'.
utils/fatigueModifiers.test.ts(160,38): error TS2345: Argument of type '{ logic: "and"; fatigue: string; readiness: string; }' is not assignable to parameter of type 'FatigueCondition'.
  Type '{ logic: "and"; fatigue: string; readiness: string; }' is not assignable to type 'FlexibleCondition'.
    Types of property 'fatigue' are incompatible.
      Type 'string' is not assignable to type '`>${number}` | `<${number}` | `>=${number}` | `<=${number}`'.
utils/fatigueModifiers.test.ts(162,38): error TS2345: Argument of type '{ logic: "and"; fatigue: string; readiness: string; }' is not assignable to parameter of type 'FatigueCondition'.
  Type '{ logic: "and"; fatigue: string; readiness: string; }' is not assignable to type 'FlexibleCondition'.
    Types of property 'fatigue' are incompatible.
      Type 'string' is not assignable to type '`>${number}` | `<${number}` | `>=${number}` | `<=${number}`'.
utils/planGeneration.test.ts(35,78): error TS2322: Type '"Peak"' is not assignable to type 'WeekFocus'.
utils/templateUtils.test.ts(203,15): error TS2741: Property 'description' is missing in type '{ id: string; name: string; generator: any; weekCount: number; }' but required in type 'ProgramPreset'.
utils/weekInterpolation.test.ts(69,9): error TS2322: Type 'string | number' is not assignable to type 'WeekPosition'.
  Type 'string' is not assignable to type 'WeekPosition'.
